###############################################################################
#
# IAR ELF Linker V8.22.2.15995/W32 for ARM                09/May/2018  17:38:41
# Copyright 2007-2018 IAR Systems AB.
#
#    Output file  =  D:\work\DY_Pioneer_432\Debug\Exe\DY_Pioneer_432.out
#    Map file     =  D:\work\DY_Pioneer_432\Debug\List\DY_Pioneer_432.map
#    Command line =  
#        -f C:\Users\DEXIAN~1\AppData\Local\Temp\EWA653.tmp
#        (D:\work\DY_Pioneer_432\Debug\Obj\BSP_Init.o
#        D:\work\DY_Pioneer_432\Debug\Obj\Drv_pwm_out.o
#        D:\work\DY_Pioneer_432\Debug\Obj\Drv_time.o
#        D:\work\DY_Pioneer_432\Debug\Obj\Drv_usart.o
#        D:\work\DY_Pioneer_432\Debug\Obj\DY_FcData.o
#        D:\work\DY_Pioneer_432\Debug\Obj\main.o
#        D:\work\DY_Pioneer_432\Debug\Obj\pinout.o
#        D:\work\DY_Pioneer_432\Debug\Obj\startup_msp432e401y_ewarm.o
#        D:\work\DY_Pioneer_432\Debug\Obj\system_msp432e401y.o
#        D:\work\DY_Pioneer_432\Debug\Obj\uartstdio.o -o
#        D:\work\DY_Pioneer_432\Debug\Exe\DY_Pioneer_432.out --map
#        D:\work\DY_Pioneer_432\Debug\List\DY_Pioneer_432.map --config
#        D:\work\DY_Pioneer_432\msp432e401y.icf
#        c:/ti/simplelink_msp432e4_sdk_2_10_00_17/source/ti/display/lib/display.arm4f
#        c:/ti/simplelink_msp432e4_sdk_2_10_00_17/source/ti/grlib/lib/iar/m4f/grlib.a
#        c:/ti/simplelink_msp432e4_sdk_2_10_00_17/source/third_party/spiffs/lib/iar/m4f/spiffs.a
#        c:/ti/simplelink_msp432e4_sdk_2_10_00_17/source/ti/drivers/lib/drivers_msp432e4.arm4f
#        c:/ti/simplelink_msp432e4_sdk_2_10_00_17/source/third_party/fatfs/lib/iar/m4f/fatfs.a
#        c:/ti/simplelink_msp432e4_sdk_2_10_00_17/source/ti/devices/msp432e4/driverlib/lib/iar/m4f/msp432e4_driverlib.a
#        --silent --cpu=Cortex-M4F --redirect _Printf=_PrintfSmall --redirect
#        _Scanf=_ScanfSmall --semihosting --entry __iar_program_start --vfe
#        --text_out locale)
#
###############################################################################

*******************************************************************************
*** RUNTIME MODEL ATTRIBUTES
***

CppFlavor       = *
__SystemLibrary = DLib
__dlib_version  = 6


*******************************************************************************
*** HEAP SELECTION
***

The basic heap was selected because no calls to memory allocation
functions were found in the application outside of system library
functions, and there are calls to deallocation functions in the
application.


*******************************************************************************
*** PLACEMENT SUMMARY
***

"A0":  place at 0x00000000 { ro section .intvec };
"P1":  place in [from 0x00000000 to 0x000fffff] { ro };
define block CSTACK with size = 4K, alignment = 8 { };
define block PROC_STACK with size = 0M, alignment = 8 { };
define block HEAP with size = 8K, alignment = 8 { };
"P3":  place in [from 0x00000000 to 0x00000000] |
                [from 0x20000000 to 0x2003ffff] {
          rw, block CSTACK, block PROC_STACK, block HEAP };
do not initialize { section .noinit };
initialize by copy { rw };

No sections matched the following patterns:

  ro section application_specific_ro  in "P2|P4"
  rw section application_specific_rw  in "P2|P4"


  Section            Kind        Address   Size  Object
  -------            ----        -------   ----  ------
"A0":                                     0x208
  .intvec            const    0x00000000  0x208  startup_msp432e401y_ewarm.o [1]
                            - 0x00000208  0x208

"P1":                                     0xcb8
  .text              ro code  0x00000208  0x498  sysctl_MSP432E411Y.obj [5]
  .text              ro code  0x000006a0  0x22c  pinout.o [1]
  .text              ro code  0x000008cc  0x138  gpio_MSP432E411Y.obj [5]
  .text              ro code  0x00000a04  0x1f4  Drv_pwm_out.o [1]
  .text              ro code  0x00000bf8   0xe8  Drv_usart.o [1]
  .text              ro code  0x00000ce0   0x6c  Drv_time.o [1]
  .text              ro code  0x00000d4c   0x2c  copy_init3.o [6]
  .text              ro code  0x00000d78   0x28  data_init.o [6]
  .text              ro code  0x00000da0   0x24  system_msp432e401y.o [1]
  .text              ro code  0x00000dc4   0x22  BSP_Init.o [1]
  .text              ro code  0x00000de6    0x2  DY_FcData.o [1]
  .text              ro code  0x00000de8   0x22  fpinit_M.o [4]
  .iar.init_table    const    0x00000e0c   0x14  - Linker created -
  .text              ro code  0x00000e20   0x1e  cmain.o [6]
  .text              ro code  0x00000e3e    0x4  low_level_init.o [3]
  .text              ro code  0x00000e44   0x10  main.o [1]
  .text              ro code  0x00000e54    0x4  exit.o [3]
  .text              ro code  0x00000e58    0xa  cexit.o [6]
  .text              ro code  0x00000e64   0x14  exit.o [7]
  .text              ro code  0x00000e78    0xe  startup_msp432e401y_ewarm.o [1]
  .text              ro code  0x00000e86    0xc  cstartup_M.o [6]
  .rodata            const    0x00000e92    0x0  copy_init3.o [6]
  Initializer bytes  const    0x00000e94   0x2c  <for P3 s0>
                            - 0x00000ec0  0xcb8

"P3", part 1 of 2:                         0x2c
  P3 s0                       0x20000000   0x2c  <Init block>
    .bss             inited   0x20000000   0x1c  DY_FcData.o [1]
    .data            inited   0x2000001c    0x4  system_msp432e401y.o [1]
    .bss             inited   0x20000020    0x4  Drv_time.o [1]
    .bss             inited   0x20000024    0x4  Drv_time.o [1]
    .bss             inited   0x20000028    0x4  Drv_time.o [1]
                            - 0x2000002c   0x2c

"P3", part 2 of 2:                        0x400
  .noinit            uninit   0x2000002c  0x400  startup_msp432e401y_ewarm.o [1]
                            - 0x2000042c  0x400


*******************************************************************************
*** INIT TABLE
***

          Address     Size
          -------     ----
Copy (__iar_copy_init3)
    1 source range, total size 0x2c:
          0x00000e94  0x2c
    1 destination range, total size 0x2c:
          0x20000000  0x2c



*******************************************************************************
*** MODULE SUMMARY
***

    Module                       ro code  ro data  rw data
    ------                       -------  -------  -------
D:\work\DY_Pioneer_432\Debug\Obj: [1]
    BSP_Init.o                        34
    DY_FcData.o                        2       28       28
    Drv_pwm_out.o                    500
    Drv_time.o                       108       12       12
    Drv_usart.o                      232
    main.o                            16
    pinout.o                         556
    startup_msp432e401y_ewarm.o       14      520    1 024
    system_msp432e401y.o              36        4        4
    ------------------------------------------------------
    Total:                         1 498      564    1 068

command line: [2]
    ------------------------------------------------------
    Total:

dl7M_tln.a: [3]
    exit.o                             4
    low_level_init.o                   4
    ------------------------------------------------------
    Total:                             8

m7M_tls.a: [4]
    fpinit_M.o                        34
    ------------------------------------------------------
    Total:                            34

msp432e4_driverlib.a: [5]
    gpio_MSP432E411Y.obj             312
    sysctl_MSP432E411Y.obj         1 176
    ------------------------------------------------------
    Total:                         1 488

rt7M_tl.a: [6]
    cexit.o                           10
    cmain.o                           30
    copy_init3.o                      44
    cstartup_M.o                      12
    data_init.o                       40
    ------------------------------------------------------
    Total:                           136

shb_l.a: [7]
    exit.o                            20
    ------------------------------------------------------
    Total:                            20

    Gaps                               4        2
    Linker created                             22
----------------------------------------------------------
    Grand Total:                   3 188      588    1 068


*******************************************************************************
*** ENTRY LIST
***

Entry                      Address   Size  Type      Object
-----                      -------   ----  ----      ------
.iar.init_table$$Base   0x00000e0c          --   Gb  - Linker created -
.iar.init_table$$Limit  0x00000e20          --   Gb  - Linker created -
?main                   0x00000e21         Code  Gb  cmain.o [6]
All_Init                0x00000dc5   0x22  Code  Gb  BSP_Init.o [1]
Default_Handler         0x00000e79    0x2  Code  Lc  startup_msp432e401y_ewarm.o [1]
GPIOPadConfigSet        0x000008cd  0x116  Code  Gb  gpio_MSP432E411Y.obj [5]
GPIOPinTypeEthernetLED  0x000009e3   0x22  Code  Gb  gpio_MSP432E411Y.obj [5]
PWM0_0_IRQHandler       0x00000ba9   0x20  Code  Gb  Drv_pwm_out.o [1]
PWM_Out_Init            0x00000a05  0x1a4  Code  Gb  Drv_pwm_out.o [1]
Para_Data_Init          0x00000de7    0x2  Code  Gb  DY_FcData.o [1]
PinoutSet               0x000006a1  0x1b2  Code  Gb  pinout.o [1]
Region$$Table$$Base     0x00000e0c          --   Gb  - Linker created -
Region$$Table$$Limit    0x00000e20          --   Gb  - Linker created -
SysCtlClockFreqSet      0x00000209  0x262  Code  Gb  sysctl_MSP432E411Y.obj [5]
SysTick_Configuration   0x00000ce1   0x34  Code  Gb  Drv_time.o [1]
SysTick_Handler         0x00000d21   0x12  Code  Gb  Drv_time.o [1]
SystemCoreClock         0x2000001c    0x4  Data  Gb  system_msp432e401y.o [1]
SystemInit              0x00000da1   0x14  Code  Gb  system_msp432e401y.o [1]
UART0_IRQHandler        0x00000c79   0x44  Code  Gb  Drv_usart.o [1]
__cmain                 0x00000e21         Code  Gb  cmain.o [6]
__exit                  0x00000e65   0x14  Code  Gb  exit.o [7]
__iar_copy_init3        0x00000d4d   0x2c  Code  Gb  copy_init3.o [6]
__iar_data_init3        0x00000d79   0x28  Code  Gb  data_init.o [6]
__iar_init_vfp          0x00000de9         Code  Gb  fpinit_M.o [4]
__iar_program_start     0x00000e87         Code  Gb  cstartup_M.o [6]
__iar_systems$$module {Abs}
                        0x00000001         Data  Gb  command line/config [2]
__low_level_init        0x00000e3f    0x4  Code  Gb  low_level_init.o [3]
__vector_table          0x00000000  0x208  Data  Gb  startup_msp432e401y_ewarm.o [1]
_call_main              0x00000e2d         Code  Gb  cmain.o [6]
_exit                   0x00000e59         Code  Gb  cexit.o [6]
_main                   0x00000e3b         Code  Gb  cmain.o [6]
exit                    0x00000e55    0x4  Code  Gb  exit.o [3]
flag                    0x20000000   0x1c  Data  Gb  DY_FcData.o [1]
g_pppui32XTALtoVCO      0x000004b8  0x1b0  Data  Lc  sysctl_MSP432E411Y.obj [5]
g_pui32VCOFrequencies   0x00000698    0x8  Data  Lc  sysctl_MSP432E411Y.obj [5]
g_pui32Xtals            0x00000490   0x28  Data  Lc  sysctl_MSP432E411Y.obj [5]
g_sXTALtoMEMTIM         0x00000668   0x30  Data  Lc  sysctl_MSP432E411Y.obj [5]
main                    0x00000e45   0x10  Code  Gb  main.o [1]
sysTickUptime           0x20000024    0x4  Data  Gb  Drv_time.o [1]
sys_time                0x00000d15    0xc  Code  Gb  Drv_time.o [1]
systemClock             0x20000020    0x4  Data  Gb  Drv_time.o [1]
systemStack             0x2000002c  0x400  Data  Lc  startup_msp432e401y_ewarm.o [1]
systime_ms              0x20000028    0x4  Data  Gb  Drv_time.o [1]
uart_init               0x00000bf9   0x80  Code  Gb  Drv_usart.o [1]


[1] = D:\work\DY_Pioneer_432\Debug\Obj
[2] = command line
[3] = dl7M_tln.a
[4] = m7M_tls.a
[5] = msp432e4_driverlib.a
[6] = rt7M_tl.a
[7] = shb_l.a

  3 188 bytes of readonly  code memory
    588 bytes of readonly  data memory
  1 068 bytes of readwrite data memory

Errors: none
Warnings: none
